---
source: herb-highlighter/tests/html_diagnostic_test.rs
expression: "render_document_html(&document, &sink_options(MarkerMode::Spans))"
---
<figure class="herb-highlight" data-herb-theme="onedark">
<figcaption class="herb-file-header">app/views/users/show.html.erb</figcaption>
<pre class="herb-code"><code><span class="herb-line" data-line="1"><span class="herb-token-html-tag-start">&lt;</span><span class="herb-tag-name">div</span><span class="herb-token-html-tag-end">&gt;</span></span>
<span class="herb-line herb-line-marked" data-line="2" data-herb-severity="error"><span class="herb-token-whitespace">  </span><mark class="herb-marker herb-marker-error"><span class="herb-token-erb-start">&lt;%=</span></mark><mark class="herb-marker herb-marker-error"> </mark>user.name <span class="herb-token-erb-end">%&gt;</span><span class="herb-annotation-message"><span class="herb-severity-label herb-severity-error">error</span> bad &lt;img&gt; in <code>attr</code> <span class="herb-diagnostic-code">(unsafe-rule)</span></span></span>
<span class="herb-line" data-line="3"><span class="herb-token-whitespace">  </span><span class="herb-token-html-tag-start">&lt;</span><span class="herb-tag-name">p</span><span class="herb-token-html-tag-end">&gt;</span><span class="herb-token-identifier">hello</span><span class="herb-token-html-tag-start-close">&lt;/</span><span class="herb-tag-name">p</span><span class="herb-token-html-tag-end">&gt;</span></span>
<span class="herb-line" data-line="4"><span class="herb-token-whitespace">  </span><span class="herb-token-html-tag-start">&lt;</span><span class="herb-tag-name">span</span><span class="herb-token-html-tag-end">&gt;</span><span class="herb-token-identifier">world</span><span class="herb-token-html-tag-start-close">&lt;/</span><span class="herb-tag-name">span</span><span class="herb-token-html-tag-end">&gt;</span></span>
<span class="herb-line" data-line="5"><span class="herb-token-html-tag-start-close">&lt;/</span><span class="herb-tag-name">div</span><span class="herb-token-html-tag-end">&gt;</span></span></code></pre>
</figure>
