---
source: tests/parse_ruby_test.rs
expression: result.prettyprint()
---
@ ProgramNode (location: (0,0)-(0,14))
├── locals: []
└── statements:
    @ StatementsNode (location: (0,0)-(0,14))
    └── body: (length: 1)
        └── @ ClassNode (location: (0,0)-(0,14))
            ├── locals: []
            ├── class_keyword_loc: (0,0)-(0,5) = "class"
            ├── constant_path:
            │   @ ConstantReadNode (location: (0,6)-(0,9))
            │   └── name: :Foo
            ├── inheritance_operator_loc: nil
            ├── superclass: nil
            ├── body: nil
            ├── end_keyword_loc: (0,11)-(0,14) = "end"
            └── name: :Foo
